// Jest Snapshot v1, https://goo.gl/fbAQLP

exports[`<Button /> should render Button correctly 1`] = `
<View
  accessibilityState={
    {
      "busy": undefined,
      "checked": undefined,
      "disabled": undefined,
      "expanded": undefined,
      "selected": undefined,
    }
  }
  accessibilityValue={
    {
      "max": undefined,
      "min": undefined,
      "now": undefined,
      "text": undefined,
    }
  }
  accessible={true}
  collapsable={false}
  focusable={true}
  onClick={[Function]}
  onResponderGrant={[Function]}
  onResponderMove={[Function]}
  onResponderRelease={[Function]}
  onResponderTerminate={[Function]}
  onResponderTerminationRequest={[Function]}
  onStartShouldSetResponder={[Function]}
  style={
    {
      "alignItems": "center",
      "backgroundColor": "#039BE5",
      "borderRadius": 6,
      "display": "flex",
      "flex": 1,
      "flexDirection": "row",
      "justifyContent": "center",
      "opacity": 1,
    }
  }
>
  <Text
    style={
      {
        "color": "#FFFFFF",
        "fontSize": 16,
        "fontWeight": "500",
        "padding": 20,
      }
    }
  >
    Test
  </Text>
</View>
`;
